[0.861s] Invoking command in '/home/leekangteak/pyserial-test/build/servo_trigger': DEBUGINFOD_URLS=https://debuginfod.ubuntu.com PYTHONPATH=/home/leekangteak/pyserial-test/build/servo_trigger/prefix_override:/usr/lib/python3/dist-packages/colcon_core/task/python/colcon_distutils_commands:/home/leekangteak/pyserial-test/install/servo_trigger/lib/python3.12/site-packages:${PYTHONPATH} /usr/bin/python3 -W ignore:setup.py install is deprecated -W ignore:easy_install command is deprecated setup.py develop --editable --build-directory /home/leekangteak/pyserial-test/build/servo_trigger/build --no-deps symlink_data
[1.157s] running develop
[1.343s] running egg_info
[1.343s] creating servo_trigger.egg-info
[1.361s] writing servo_trigger.egg-info/PKG-INFO
[1.361s] writing dependency_links to servo_trigger.egg-info/dependency_links.txt
[1.361s] writing entry points to servo_trigger.egg-info/entry_points.txt
[1.362s] writing requirements to servo_trigger.egg-info/requires.txt
[1.362s] writing top-level names to servo_trigger.egg-info/top_level.txt
[1.362s] writing manifest file 'servo_trigger.egg-info/SOURCES.txt'
[1.398s] reading manifest file 'servo_trigger.egg-info/SOURCES.txt'
[1.398s] writing manifest file 'servo_trigger.egg-info/SOURCES.txt'
[1.418s] running build_ext
[1.418s] Creating /home/leekangteak/pyserial-test/install/servo_trigger/lib/python3.12/site-packages/servo-trigger.egg-link (link to .)
[1.419s] Installing servo_trigger_node script to /home/leekangteak/pyserial-test/install/servo_trigger/lib/servo_trigger
[1.419s] 
[1.419s] Installed /home/leekangteak/pyserial-test/build/servo_trigger
[1.419s] running symlink_data
[1.420s] creating /home/leekangteak/pyserial-test/install/servo_trigger/share/ament_index
[1.420s] creating /home/leekangteak/pyserial-test/install/servo_trigger/share/ament_index/resource_index
[1.420s] creating /home/leekangteak/pyserial-test/install/servo_trigger/share/ament_index/resource_index/packages
[1.420s] symbolically linking /home/leekangteak/pyserial-test/build/servo_trigger/resource/servo_trigger -> /home/leekangteak/pyserial-test/install/servo_trigger/share/ament_index/resource_index/packages
[1.420s] symbolically linking /home/leekangteak/pyserial-test/build/servo_trigger/package.xml -> /home/leekangteak/pyserial-test/install/servo_trigger/share/servo_trigger
[1.440s] Invoked command in '/home/leekangteak/pyserial-test/build/servo_trigger' returned '0': DEBUGINFOD_URLS=https://debuginfod.ubuntu.com PYTHONPATH=/home/leekangteak/pyserial-test/build/servo_trigger/prefix_override:/usr/lib/python3/dist-packages/colcon_core/task/python/colcon_distutils_commands:/home/leekangteak/pyserial-test/install/servo_trigger/lib/python3.12/site-packages:${PYTHONPATH} /usr/bin/python3 -W ignore:setup.py install is deprecated -W ignore:easy_install command is deprecated setup.py develop --editable --build-directory /home/leekangteak/pyserial-test/build/servo_trigger/build --no-deps symlink_data
